2026/09/03 19:06:45 INFO  : 2026/04/324286.png: Copied (new)
2026/09/03 19:06:46 INFO  : 2023/12/Logo-without-markups-svg.webp: Copied (new)
2026/09/03 19:06:46 INFO  : 2023/12/Marketing-Agency-Hero-1-1024x576.jpg: Copied (new)
2026/09/03 19:06:46 INFO  : 2026/04/946567.png: Copied (new)
2026/09/03 19:06:46 INFO  : 2023/12/Logo-without-markups-svg-300x300.webp: Copied (new)
2026/09/03 19:06:46 INFO  : 2023/12/Logo-without-markups-svg-150x150.webp: Copied (new)
2026/09/03 19:06:46 INFO  : 2026/04/WaterTankerDeivery.png: Copied (new)
2026/09/03 19:06:46 INFO  : 2021/01/IMG_8789-1200x1209.jpg: Copied (new)
2026/09/03 19:06:46 INFO  : 2026/04/Tanker2backwbck.png: Copied (new)
2026/09/03 19:06:46 INFO  : 2021/01/IMG_8789-1017x1024.jpg: Copied (new)
2026/09/03 19:06:46 INFO  : 2026/04/geralt-earth-661447SM.png: Copied (new)
2026/09/03 19:06:46 INFO  : 2021/01/IMG_8789-150x150.jpg: Copied (new)
2026/09/03 19:06:46 INFO  : 2023/12/Marketing-Agency-Hero-1-150x150.jpg: Copied (new)
2026/09/03 19:06:46 INFO  : 2021/01/IMG_8789-1525x1536.jpg: Copied (new)
2026/09/03 19:06:46 INFO  : 2021/01/IMG_8789-298x300.jpg: Copied (new)
2026/09/03 19:06:46 INFO  : 2023/12/Marketing-Agency-Hero-1-1536x864.jpg: Copied (new)
2026/09/03 19:06:46 INFO  : 2023/12/Marketing-Agency-Hero-1-300x169.jpg: Copied (new)
2026/09/03 19:06:46 INFO  : 2021/01/Logo-washing-150x141.gif: Copied (new)
2026/09/03 19:06:46 INFO  : 2021/01/IMG_8789-2033x2048.jpg: Copied (new)
2026/09/03 19:06:46 INFO  : 2026/04/WATERTANKERTRUCK.png: Copied (new)
2026/09/03 19:06:46 INFO  : 2021/01/Logo-washing.gif: Copied (new)
2026/09/03 19:06:46 INFO  : 2021/01/Photo2016-09-1321327PM-scaled.jpg: Copied (new)
2026/09/03 19:06:46 INFO  : 2023/12/Marketing-Agency-Hero-1-768x432.jpg: Copied (new)
2026/09/03 19:06:46 INFO  : 2021/01/IMG_8789-768x774.jpg: Copied (new)
2026/09/03 19:06:46 INFO  : 2020/12/BILD1-300x169.jpg: Copied (new)
2026/09/03 19:06:46 INFO  : 2023/12/Rexdale-Mobile-Wash-Logo-Updated-23.webp: Copied (new)
2026/09/03 19:06:46 INFO  : 2020/12/BILD1.jpg: Copied (new)
2026/09/03 19:06:47 INFO  : 2020/12/BILD1-768x432.jpg: Copied (new)
2026/09/03 19:06:47 INFO  : 2023/12/Marketing-Agency-Hero-1.jpg: Copied (new)
2026/09/03 19:06:47 INFO  : 2020/12/Best-1024x682.jpg: Copied (new)
2026/09/03 19:06:47 INFO  : 2020/12/BILD1-150x150.jpg: Copied (new)
2026/09/03 19:06:47 INFO  : 2020/12/Best-300x200.jpg: Copied (new)
2026/09/03 19:06:47 INFO  : 2021/01/Photo2016-09-1321327PM-300x225.jpg: Copied (new)
2026/09/03 19:06:47 INFO  : 2020/12/Best.jpg: Copied (new)
2026/09/03 19:06:47 INFO  : 2020/12/Best-768x512.jpg: Copied (new)
2026/09/03 19:06:47 INFO  : 2020/12/Best-1200x799.jpg: Copied (new)
2026/09/03 19:06:47 INFO  : 2020/12/Best-1536x1023.jpg: Copied (new)
2026/09/03 19:06:47 INFO  : 2020/12/DE-ICING-1-1024x1024-1-1024x1024.jpg: Copied (new)
2026/09/03 19:06:47 INFO  : 2020/12/Bob-Sylvia-300x225-1-150x150.jpg: Copied (new)
2026/09/03 19:06:47 INFO  : 2020/12/Best-150x150.jpg: Copied (new)
2026/09/03 19:06:47 INFO  : 2020/12/DE-ICING-1-1024x1024-1.jpg: Copied (new)
2026/09/03 19:06:47 INFO  : 2020/12/Bob-Sylvia-300x225-1.jpg: Copied (new)
2026/09/03 19:06:47 INFO  : 2021/01/IMG_8789.jpg: Copied (new)
2026/09/03 19:06:47 INFO  : 2020/12/DE-ICING-1-1024x1024-2-1024x1024.jpg: Copied (new)
2026/09/03 19:06:47 INFO  : 2020/12/DE-ICING-1-1024x1024-2.jpg: Copied (new)
2026/09/03 19:06:47 INFO  : 2020/12/DE-ICING-1-1024x1024-3-1024x1024.jpg: Copied (new)
2026/09/03 19:06:47 INFO  : 2020/12/DE-ICING-1-1024x1024-2-150x150.jpg: Copied (new)
2026/09/03 19:06:47 INFO  : 2020/12/DE-ICING-1-1024x1024-1-768x768.jpg: Copied (new)
2026/09/03 19:06:47 INFO  : 2020/12/DE-ICING-1-1024x1024-1-150x150.jpg: Copied (new)
2026/09/03 19:06:47 INFO  : 2020/12/DE-ICING-1-1024x1024-2-768x768.jpg: Copied (new)
2026/09/03 19:06:47 INFO  : 2020/12/DE-ICING-1-1024x1024-3-300x300.jpg: Copied (new)
2026/09/03 19:06:47 INFO  : 2020/12/DE-ICING-1-1024x1024-3-768x768.jpg: Copied (new)
2026/09/03 19:06:47 INFO  : 2020/12/DE-ICING-1-1024x1024-3.jpg: Copied (new)
2026/09/03 19:06:47 INFO  : 2020/12/DE-ICING-1-1024x1024-3-150x150.jpg: Copied (new)
2026/09/03 19:06:47 INFO  : 2020/12/DE-ICING-1-1024x1024-2-300x300.jpg: Copied (new)
2026/09/03 19:06:47 INFO  : 2020/12/DSC07630-4-300x200.jpg: Copied (new)
2026/09/03 19:06:47 INFO  : 2020/12/DSC07630-5-scaled.jpg: Copied (new)
2026/09/03 19:06:47 INFO  : 2020/12/DSC07630-5-300x200.jpg: Copied (new)
2026/09/03 19:06:47 INFO  : 2020/12/DSC07630-6-300x200.jpg: Copied (new)
2026/09/03 19:06:47 INFO  : 2020/12/DSC07630-6-scaled.jpg: Copied (new)
2026/09/03 19:06:47 INFO  : 2020/12/DSC07630-4-scaled.jpg: Copied (new)
2026/09/03 19:06:47 INFO  : 2020/12/DoorsBeamA-1024x683.jpg: Copied (new)
2026/09/03 19:06:48 INFO  : 2020/12/DoorsBeamA-1536x1024.jpg: Copied (new)
2026/09/03 19:06:48 INFO  : 2020/12/DE-ICING-1-1024x1024-1-300x300.jpg: Copied (new)
2026/09/03 19:06:48 INFO  : 2020/12/DSC07630.jpg: Copied (new)
2026/09/03 19:06:48 INFO  : 2020/12/DSC07630-2.jpg: Copied (new)
2026/09/03 19:06:48 INFO  : 2020/12/DSC07630-1.jpg: Copied (new)
2026/09/03 19:06:48 INFO  : 2020/12/DoorsBeamA-768x512.jpg: Copied (new)
2026/09/03 19:06:48 INFO  : 2020/12/DoorsBeamA-1200x800.jpg: Copied (new)
2026/09/03 19:06:48 INFO  : 2020/12/DoorsBeamA.jpg: Copied (new)
2026/09/03 19:06:48 INFO  : 2020/12/DoorsBeamA-300x200.jpg: Copied (new)
2026/09/03 19:06:48 INFO  : 2020/12/DoorsBeamB-1536x1024.jpg: Copied (new)
2026/09/03 19:06:48 INFO  : 2020/12/DoorsBeamA-150x150.jpg: Copied (new)
2026/09/03 19:06:48 INFO  : 2020/12/DoorsBeamB-1024x683.jpg: Copied (new)
2026/09/03 19:06:48 INFO  : 2020/12/DSC07630-3.jpg: Copied (new)
2026/09/03 19:06:48 INFO  : 2020/12/DoorsBeamB.jpg: Copied (new)
2026/09/03 19:06:48 INFO  : 2020/12/EQUIP5-1024x1024.jpg: Copied (new)
2026/09/03 19:06:48 INFO  : 2020/12/DoorsBeamB-1200x800.jpg: Copied (new)
2026/09/03 19:06:48 INFO  : 2020/12/EQUIP5-300x300.jpg: Copied (new)
2026/09/03 19:06:48 INFO  : 2020/12/DoorsBeamB-768x512.jpg: Copied (new)
2026/09/03 19:06:48 INFO  : 2020/12/DoorsBeamB-300x200.jpg: Copied (new)
2026/09/03 19:06:48 INFO  : 2020/12/EQUIP5.jpg: Copied (new)
2026/09/03 19:06:48 INFO  : 2020/12/EQUIPMENT2-768x576.jpg: Copied (new)
2026/09/03 19:06:48 INFO  : 2020/12/EQUIPMENT2-150x150.jpg: Copied (new)
2026/09/03 19:06:48 INFO  : 2020/12/DoorsBeamB-150x150.jpg: Copied (new)
2026/09/03 19:06:48 INFO  : 2020/12/EQUIPMENT2.jpg: Copied (new)
2026/09/03 19:06:48 INFO  : 2020/12/EQUIP5-768x768.jpg: Copied (new)
2026/09/03 19:06:48 INFO  : 2020/12/EQUIPMENT32-150x150.jpg: Copied (new)
2026/09/03 19:06:48 INFO  : 2020/12/EQUIPMENT32-1024x1024.jpg: Copied (new)
2026/09/03 19:06:48 INFO  : 2020/12/EQUIPMENT32-768x768.jpg: Copied (new)
2026/09/03 19:06:48 INFO  : 2020/12/EQUIPMENT32.jpg: Copied (new)
2026/09/03 19:06:48 INFO  : 2020/12/EQUIPMENT41-1024x548.jpg: Copied (new)
2026/09/03 19:06:48 INFO  : 2020/12/EQUIPMENT41-1200x643.jpg: Copied (new)
2026/09/03 19:06:48 INFO  : 2020/12/EQUIPMENT41-1536x823.jpg: Copied (new)
2026/09/03 19:06:48 INFO  : 2020/12/EQUIPMENT41-2048x1097.jpg: Copied (new)
2026/09/03 19:06:48 INFO  : 2020/12/EQUIPMENT2-300x225.jpg: Copied (new)
2026/09/03 19:06:48 INFO  : 2020/12/EQUIP5-150x150.jpg: Copied (new)
2026/09/03 19:06:49 INFO  : 2020/12/EQUIPMENT41-768x411.jpg: Copied (new)
2026/09/03 19:06:49 INFO  : 2020/12/FLEET3-1-1152x1536.jpg: Copied (new)
2026/09/03 19:06:49 INFO  : 2020/12/EQUIPMENT41-150x150.jpg: Copied (new)
2026/09/03 19:06:49 INFO  : 2020/12/FLEET3-1-1200x1600.jpg: Copied (new)
2026/09/03 19:06:49 INFO  : 2020/12/FLEET3-1-150x150.jpg: Copied (new)
2026/09/03 19:06:49 INFO  : 2020/12/FLEET3-1-225x300.jpg: Copied (new)
2026/09/03 19:06:49 INFO  : 2020/12/EQUIPMENT32-300x300.jpg: Copied (new)
2026/09/03 19:06:49 INFO  : 2020/12/EQUIPMENT41.jpg: Copied (new)
2026/09/03 19:06:49 INFO  : 2020/12/Fleet3-225x300.jpg: Copied (new)
2026/09/03 19:06:49 INFO  : 2020/12/Fleet3-scaled.jpg: Copied (new)
2026/09/03 19:06:49 INFO  : 2020/12/Fleets-768x425.png: Copied (new)
2026/09/03 19:06:49 INFO  : 2020/12/Fleets-300x166.png: Copied (new)
2026/09/03 19:06:49 INFO  : 2020/12/Fleets-150x150.jpg: Copied (new)
2026/09/03 19:06:49 INFO  : 2020/12/EQUIPMENT41-300x161.jpg: Copied (new)
2026/09/03 19:06:49 INFO  : 2020/12/GARBAGE-1-1154x1536.jpg: Copied (new)
2026/09/03 19:06:49 INFO  : 2020/12/Fleets.png: Copied (new)
2026/09/03 19:06:49 INFO  : 2020/12/GARBAGE-1-150x150.jpg: Copied (new)
2026/09/03 19:06:49 INFO  : 2020/12/GARBAGE-1-1539x2048.jpg: Copied (new)
2026/09/03 19:06:49 INFO  : 2020/12/Fleets.jpg: Copied (new)
2026/09/03 19:06:49 INFO  : 2020/12/FLEET3-1-768x1024.jpg: Copied (new)
2026/09/03 19:06:49 INFO  : 2020/12/GARBAGE-1-1200x1597.jpg: Copied (new)
2026/09/03 19:06:49 INFO  : 2020/12/Fleets-150x150.png: Copied (new)
2026/09/03 19:06:49 INFO  : 2020/12/Fleets-300x225.jpg: Copied (new)
2026/09/03 19:06:49 INFO  : 2020/12/FLEET3-1.jpg: Copied (new)
2026/09/03 19:06:49 INFO  : 2020/12/GARBAGE-1-scaled.jpg: Copied (new)
2026/09/03 19:06:49 INFO  : 2020/12/GARBAGE-1-768x1022.jpg: Copied (new)
2026/09/03 19:06:49 INFO  : 2020/12/GARBAGE2-scaled.jpg: Copied (new)
2026/09/03 19:06:49 INFO  : 2020/12/GARBAGE-1-225x300.jpg: Copied (new)
2026/09/03 19:06:49 INFO  : 2020/12/GARBAGE3-1152x1536.jpg: Copied (new)
2026/09/03 19:06:49 INFO  : 2020/12/GARBAGE3-1536x2048.jpg: Copied (new)
2026/09/03 19:06:49 INFO  : 2020/12/GARBAGE3-1200x1600.jpg: Copied (new)
2026/09/03 19:06:49 INFO  : 2020/12/GARBAGE-1-769x1024.jpg: Copied (new)
2026/09/03 19:06:49 INFO  : 2020/12/GARBAGE3-scaled.jpg: Copied (new)
2026/09/03 19:06:49 INFO  : 2020/12/HOSE-1200x593.jpg: Copied (new)
2026/09/03 19:06:49 INFO  : 2020/12/GARBAGE3-768x1024.jpg: Copied (new)
2026/09/03 19:06:49 INFO  : 2020/12/HOSE-1536x759.jpg: Copied (new)
2026/09/03 19:06:49 INFO  : 2020/12/GARBAGE2-225x300.jpg: Copied (new)
2026/09/03 19:06:49 INFO  : 2020/12/HOSE-2048x1012.jpg: Copied (new)
2026/09/03 19:06:49 INFO  : 2020/12/HOSE-1024x506.jpg: Copied (new)
2026/09/03 19:06:50 INFO  : 2020/12/HOSE-300x148.jpg: Copied (new)
2026/09/03 19:06:50 INFO  : 2020/12/GARBAGE3-225x300.jpg: Copied (new)
2026/09/03 19:06:50 INFO  : 2020/12/GARBAGE3-150x150.jpg: Copied (new)
2026/09/03 19:06:50 INFO  : 2020/12/ICE1-1200x821.jpg: Copied (new)
2026/09/03 19:06:50 INFO  : 2020/12/ICE1-1024x701.jpg: Copied (new)
2026/09/03 19:06:50 INFO  : 2020/12/HOSE.jpg: Copied (new)
2026/09/03 19:06:50 INFO  : 2020/12/GFL.jpg: Copied (new)
2026/09/03 19:06:50 INFO  : 2020/12/ICE1-300x205.jpg: Copied (new)
2026/09/03 19:06:50 INFO  : 2020/12/ICE1-scaled.jpg: Copied (new)
2026/09/03 19:06:50 INFO  : 2020/12/ICE1-768x525.jpg: Copied (new)
2026/09/03 19:06:50 INFO  : 2020/12/ICE1-1536x1051.jpg: Copied (new)
2026/09/03 19:06:50 INFO  : 2020/12/ICE1-2048x1401.jpg: Copied (new)
2026/09/03 19:06:50 INFO  : 2020/12/HOSE-768x379.jpg: Copied (new)
2026/09/03 19:06:50 INFO  : 2020/12/HOSE-150x150.jpg: Copied (new)
2026/09/03 19:06:50 INFO  : 2020/12/Loblaws-768x127.png: Copied (new)
2026/09/03 19:06:50 INFO  : 2020/12/Loblaws-150x150.png: Copied (new)
2026/09/03 19:06:50 INFO  : 2020/12/ICE1-150x150.jpg: Copied (new)
2026/09/03 19:06:50 INFO  : 2020/12/NDER1-1024x996.jpg: Copied (new)
2026/09/03 19:06:50 INFO  : 2020/12/NDER1-1536x1493.jpg: Copied (new)
2026/09/03 19:06:50 INFO  : 2020/12/NDER1-2048x1991.jpg: Copied (new)
2026/09/03 19:06:50 INFO  : 2020/12/Loblaws.png: Copied (new)
2026/09/03 19:06:50 INFO  : 2020/12/NDER1-768x747.jpg: Copied (new)
2026/09/03 19:06:50 INFO  : 2020/12/NDER1-1200x1167.jpg: Copied (new)
2026/09/03 19:06:50 INFO  : 2020/12/NDER4-1024x926.jpg: Copied (new)
2026/09/03 19:06:50 INFO  : 2020/12/NDER4-1200x1085.jpg: Copied (new)
2026/09/03 19:06:50 INFO  : 2020/12/NDER1-scaled.jpg: Copied (new)
2026/09/03 19:06:50 INFO  : 2020/12/Loblaws-300x50.png: Copied (new)
2026/09/03 19:06:50 INFO  : 2020/12/NDER4-2048x1851.jpg: Copied (new)
2026/09/03 19:06:50 INFO  : 2020/12/NDER4-1536x1389.jpg: Copied (new)
2026/09/03 19:06:50 INFO  : 2020/12/NDER1-300x292.jpg: Copied (new)
2026/09/03 19:06:50 INFO  : 2020/12/PEPSI-150x104.jpeg: Copied (new)
2026/09/03 19:06:50 INFO  : 2020/12/NDER4-300x271.jpg: Copied (new)
2026/09/03 19:06:50 INFO  : 2020/12/PEPSI.jpeg: Copied (new)
2026/09/03 19:06:50 INFO  : 2020/12/POWERWASH-1-1536x1024.jpg: Copied (new)
2026/09/03 19:06:51 INFO  : 2020/12/NDER1-150x150.jpg: Copied (new)
2026/09/03 19:06:51 INFO  : 2020/12/POWERWASH-1-1024x683.jpg: Copied (new)
2026/09/03 19:06:51 INFO  : 2020/12/POWERWASH-1-1200x800.jpg: Copied (new)
2026/09/03 19:06:51 INFO  : 2020/12/NDER4-768x694.jpg: Copied (new)
2026/09/03 19:06:51 INFO  : 2020/12/POWERWASH-1-150x150.jpg: Copied (new)
2026/09/03 19:06:51 INFO  : 2020/12/NDER4-150x150.jpg: Copied (new)
2026/09/03 19:06:51 INFO  : 2020/12/POWERWASH-1.jpg: Copied (new)
2026/09/03 19:06:51 INFO  : 2020/12/Photo2016-10-1232709PM-scaled.jpg: Copied (new)
2026/09/03 19:06:51 INFO  : 2020/12/Photo2016-10-1232709PM-225x300.jpg: Copied (new)
2026/09/03 19:06:51 INFO  : 2020/12/Photo2017-10-0212153PM-225x300.jpg: Copied (new)
2026/09/03 19:06:51 INFO  : 2020/12/POWERWASH-1-768x512.jpg: Copied (new)
2026/09/03 19:06:51 INFO  : 2020/12/Photo2017-10-0212153PM-scaled.jpg: Copied (new)
2026/09/03 19:06:51 INFO  : 2020/12/Photo2018-10-29114348AM-1154x1536.jpg: Copied (new)
2026/09/03 19:06:51 INFO  : 2020/12/POWERWASH-1-300x200.jpg: Copied (new)
2026/09/03 19:06:51 INFO  : 2020/12/Photo2018-10-29114348AM-150x150.jpg: Copied (new)
2026/09/03 19:06:51 INFO  : 2020/12/Photo2018-10-29114348AM-1539x2048.jpg: Copied (new)
2026/09/03 19:06:51 INFO  : 2020/12/Photo2017-09-3042110PM-scaled.jpg: Copied (new)
2026/09/03 19:06:51 INFO  : 2020/12/Photo2018-10-29114348AM-225x300.jpg: Copied (new)
2026/09/03 19:06:51 INFO  : 2020/12/Photo2018-10-29114348AM-768x1022.jpg: Copied (new)
2026/09/03 19:06:51 INFO  : 2020/12/Photo2018-10-29114348AM-scaled.jpg: Copied (new)
2026/09/03 19:06:51 INFO  : 2020/12/Photo2018-10-29114348AM-769x1024.jpg: Copied (new)
2026/09/03 19:06:51 INFO  : 2020/12/Photo2018-10-29114348AM-1200x1597.jpg: Copied (new)
2026/09/03 19:06:51 INFO  : 2020/12/Photo2017-09-3042110PM-225x300.jpg: Copied (new)
2026/09/03 19:06:51 INFO  : 2020/12/REXDALELOGO1-1200x320.jpg: Copied (new)
2026/09/03 19:06:51 INFO  : 2020/12/REXDALELOGO1-300x80.jpg: Copied (new)
2026/09/03 19:06:51 INFO  : 2020/12/NDER4.jpg: Copied (new)
2026/09/03 19:06:51 INFO  : 2020/12/RexdaleRobotElephant1-1200x1048.jpg: Copied (new)
2026/09/03 19:06:51 INFO  : 2020/12/RexdaleRobotElephant1-1024x894.jpg: Copied (new)
2026/09/03 19:06:51 INFO  : 2020/12/RexdaleRobotElephant1-150x150.jpg: Copied (new)
2026/09/03 19:06:51 INFO  : 2020/12/RexdaleRobotElephant1-1536x1341.jpg: Copied (new)
2026/09/03 19:06:51 INFO  : 2020/12/RexdaleRobotElephant1-300x262.jpg: Copied (new)
2026/09/03 19:06:51 INFO  : 2020/12/REXDALELOGO1-150x150.jpg: Copied (new)
2026/09/03 19:06:51 INFO  : 2020/12/RexdaleRobotElephant1.jpg: Copied (new)
2026/09/03 19:06:51 INFO  : 2020/12/RexdaleRobotElephant2-1024x894.jpg: Copied (new)
2026/09/03 19:06:51 INFO  : 2020/12/RexdaleRobotElephant2-1200x1048.jpg: Copied (new)
2026/09/03 19:06:51 INFO  : 2020/12/RexdaleRobotElephant2-1536x1341.jpg: Copied (new)
2026/09/03 19:06:51 INFO  : 2020/12/REXDALELOGO1.jpg: Copied (new)
2026/09/03 19:06:51 INFO  : 2020/12/RexdaleRobotElephant1-768x670.jpg: Copied (new)
2026/09/03 19:06:51 INFO  : 2020/12/REXDALELOGO1-1024x273.jpg: Copied (new)
2026/09/03 19:06:51 INFO  : 2020/12/RexdaleRobotElephantCIRCLE-1024x894.jpg: Copied (new)
2026/09/03 19:06:51 INFO  : 2020/12/RexdaleRobotElephantCIRCLE-1200x1048.jpg: Copied (new)
2026/09/03 19:06:51 INFO  : 2020/12/RexdaleRobotElephantCIRCLE-1536x1341.jpg: Copied (new)
2026/09/03 19:06:51 INFO  : 2020/12/REXDALELOGO1-768x205.jpg: Copied (new)
2026/09/03 19:06:51 INFO  : 2020/12/RexdaleRobotElephantCIRCLE-768x670.jpg: Copied (new)
2026/09/03 19:06:52 INFO  : 2020/12/RexdaleRobotElephant2.jpg: Copied (new)
2026/09/03 19:06:52 INFO  : 2020/12/RexdaleRobotElephant2-150x150.jpg: Copied (new)
2026/09/03 19:06:52 INFO  : 2020/12/SPLASH-1200x130.png: Copied (new)
2026/09/03 19:06:52 INFO  : 2020/12/SPLASH-300x32.png: Copied (new)
2026/09/03 19:06:52 INFO  : 2020/12/SPLASH-768x83.png: Copied (new)
2026/09/03 19:06:52 INFO  : 2020/12/RexdaleRobotElephantCIRCLE.jpg: Copied (new)
2026/09/03 19:06:52 INFO  : 2020/12/SPLASH-150x150.png: Copied (new)
2026/09/03 19:06:52 INFO  : 2020/12/RexdaleRobotElephantCIRCLE-300x262.jpg: Copied (new)
2026/09/03 19:06:52 INFO  : 2020/12/SPLASH.png: Copied (new)
2026/09/03 19:06:52 INFO  : 2020/12/STORE3-1024x768.jpg: Copied (new)
2026/09/03 19:06:52 INFO  : 2020/12/RexdaleRobotElephantCIRCLE-150x150.jpg: Copied (new)
2026/09/03 19:06:52 INFO  : 2020/12/STORE3-1536x1152.jpg: Copied (new)
2026/09/03 19:06:52 INFO  : 2020/12/SPLASH-1024x111.png: Copied (new)
2026/09/03 19:06:52 INFO  : 2020/12/STORE3-1200x900.jpg: Copied (new)
2026/09/03 19:06:52 INFO  : 2020/12/STORE3-2048x1536.jpg: Copied (new)
2026/09/03 19:06:52 INFO  : 2020/12/RexdaleRobotElephant2-768x670.jpg: Copied (new)
2026/09/03 19:06:52 INFO  : 2020/12/STORE5-1024x768.jpg: Copied (new)
2026/09/03 19:06:52 INFO  : 2020/12/STORE3-768x576.jpg: Copied (new)
2026/09/03 19:06:52 INFO  : 2020/12/STORE5-1200x900.jpg: Copied (new)
2026/09/03 19:06:52 INFO  : 2020/12/RexdaleRobotElephant2-300x262.jpg: Copied (new)
2026/09/03 19:06:52 INFO  : 2020/12/STORE5-1536x1152.jpg: Copied (new)
2026/09/03 19:06:52 INFO  : 2020/12/STORE5-150x150.jpg: Copied (new)
2026/09/03 19:06:52 INFO  : 2020/12/STORE5-768x576.jpg: Copied (new)
2026/09/03 19:06:52 INFO  : 2020/12/STORE3-150x150.jpg: Copied (new)
2026/09/03 19:06:52 INFO  : 2020/12/STORE5-300x225.jpg: Copied (new)
2026/09/03 19:06:52 INFO  : 2020/12/STOREFRONT1-768x1024.jpg: Copied (new)
2026/09/03 19:06:52 INFO  : 2020/12/STOREFRONT1-225x300.jpg: Copied (new)
2026/09/03 19:06:52 INFO  : 2020/12/UNDER2-1024x1024.jpg: Copied (new)
2026/09/03 19:06:52 INFO  : 2020/12/STORE5.jpg: Copied (new)
2026/09/03 19:06:52 INFO  : 2020/12/STOREFRONT1.jpg: Copied (new)
2026/09/03 19:06:52 INFO  : 2020/12/STORE3.jpg: Copied (new)
2026/09/03 19:06:52 INFO  : 2020/12/UNDER2-1200x1200.jpg: Copied (new)
2026/09/03 19:06:52 INFO  : 2020/12/STORE3-300x225.jpg: Copied (new)
2026/09/03 19:06:52 INFO  : 2020/12/UNDER2-2048x2048.jpg: Copied (new)
2026/09/03 19:06:52 INFO  : 2020/12/UNDER2-1536x1536.jpg: Copied (new)
2026/09/03 19:06:52 INFO  : 2020/12/UNDER2-scaled.jpg: Copied (new)
2026/09/03 19:06:52 INFO  : 2020/12/UNDER3-1521x1536.jpg: Copied (new)
2026/09/03 19:06:52 INFO  : 2020/12/UNDER3-1200x1212.jpg: Copied (new)
2026/09/03 19:06:52 INFO  : 2020/12/STOREFRONT1-150x150.jpg: Copied (new)
2026/09/03 19:06:52 INFO  : 2020/12/UNDER2-768x768.jpg: Copied (new)
2026/09/03 19:06:52 INFO  : 2020/12/UNDER2-150x150.jpg: Copied (new)
2026/09/03 19:06:52 INFO  : 2020/12/UNDER3-1014x1024.jpg: Copied (new)
2026/09/03 19:06:52 INFO  : 2020/12/UNDER3-2028x2048.jpg: Copied (new)
2026/09/03 19:06:53 INFO  : 2020/12/UNDER3-scaled.jpg: Copied (new)
2026/09/03 19:06:53 INFO  : 2020/12/UNDER2-300x300.jpg: Copied (new)
2026/09/03 19:06:53 INFO  : 2020/12/UPS.jpg: Copied (new)
2026/09/03 19:06:53 INFO  : 2020/12/WindowsA-1-1024x683.jpg: Copied (new)
2026/09/03 19:06:53 INFO  : 2020/12/UNDER3-150x150.jpg: Copied (new)
2026/09/03 19:06:53 INFO  : 2020/12/UNDER3-297x300.jpg: Copied (new)
2026/09/03 19:06:53 INFO  : 2020/12/WindowsA-1-1200x800.jpg: Copied (new)
2026/09/03 19:06:53 INFO  : 2020/12/UPS-253x300.jpg: Copied (new)
2026/09/03 19:06:53 INFO  : 2020/12/WindowsA-1-150x150.jpg: Copied (new)
2026/09/03 19:06:53 INFO  : 2020/12/WindowsA-1-1536x1024.jpg: Copied (new)
2026/09/03 19:06:53 INFO  : 2020/12/WindowsA-1-300x200.jpg: Copied (new)
2026/09/03 19:06:53 INFO  : 2020/12/UNDER3-768x776.jpg: Copied (new)
2026/09/03 19:06:53 INFO  : 2020/12/WindowsA-150x150.jpg: Copied (new)
2026/09/03 19:06:53 INFO  : 2020/12/WindowsA-1200x800.jpg: Copied (new)
2026/09/03 19:06:53 INFO  : 2020/12/WindowsA-1024x683.jpg: Copied (new)
2026/09/03 19:06:53 INFO  : 2020/12/UPS-150x150.jpg: Copied (new)
2026/09/03 19:06:53 INFO  : 2020/12/WindowsA-1536x1024.jpg: Copied (new)
2026/09/03 19:06:53 INFO  : 2020/12/WindowsB-1200x800.jpg: Copied (new)
2026/09/03 19:06:53 INFO  : 2020/12/WindowsA-768x512.jpg: Copied (new)
2026/09/03 19:06:53 INFO  : 2020/12/WindowsB-1536x1024.jpg: Copied (new)
2026/09/03 19:06:53 INFO  : 2020/12/WindowsA-300x200.jpg: Copied (new)
2026/09/03 19:06:53 INFO  : 2020/12/WindowsB-300x200.jpg: Copied (new)
2026/09/03 19:06:53 INFO  : 2020/12/WindowsA-1-768x512.jpg: Copied (new)
2026/09/03 19:06:53 INFO  : 2020/12/WindowsB-150x150.jpg: Copied (new)
2026/09/03 19:06:54 INFO  : 2020/12/carwraps-150x63.png: Copied (new)
2026/09/03 19:06:54 INFO  : 2020/12/WindowsB-768x512.jpg: Copied (new)
2026/09/03 19:06:54 INFO  : 2020/12/elephantonly-1-150x150.png: Copied (new)
2026/09/03 19:06:54 INFO  : 2020/12/carwraps.png: Copied (new)
2026/09/03 19:06:54 INFO  : 2020/12/elephantonly-1-300x145.png: Copied (new)
2026/09/03 19:06:54 INFO  : 2020/12/elephantonly-150x150.png: Copied (new)
2026/09/03 19:06:54 INFO  : 2020/12/WindowsB-1024x683.jpg: Copied (new)
2026/09/03 19:06:54 INFO  : 2020/12/Video-2016-11-18-8-28-10-AM.mov: Copied (new)
2026/09/03 19:06:54 INFO  : 2020/12/elephantonly-1.png: Copied (new)
2026/09/03 19:06:54 INFO  : 2020/12/elephantonly-2-300x145.png: Copied (new)
2026/09/03 19:06:54 INFO  : 2020/12/elephantonly-2.png: Copied (new)
2026/09/03 19:06:54 INFO  : 2020/12/elephantonly-3-300x145.png: Copied (new)
2026/09/03 19:06:54 INFO  : 2020/12/WindowsB.jpg: Copied (new)
2026/09/03 19:06:54 INFO  : 2020/12/WindowsA.jpg: Copied (new)
2026/09/03 19:06:54 INFO  : 2020/12/elephantonly-4-150x150.png: Copied (new)
2026/09/03 19:06:54 INFO  : 2020/12/elephantonly-2-150x150.png: Copied (new)
2026/09/03 19:06:54 INFO  : 2020/12/elephantonly-3-150x150.png: Copied (new)
2026/09/03 19:06:54 INFO  : 2020/12/elephantonly-300x145.png: Copied (new)
2026/09/03 19:06:54 INFO  : 2020/12/elephantonly-5-300x145.png: Copied (new)
2026/09/03 19:06:54 INFO  : 2020/12/elephantonly-3.png: Copied (new)
2026/09/03 19:06:54 INFO  : 2020/12/elephantonly-4-300x145.png: Copied (new)
2026/09/03 19:06:54 INFO  : 2020/12/WindowsA-1.jpg: Copied (new)
2026/09/03 19:06:54 INFO  : 2020/12/elephantonly-6-150x150.png: Copied (new)
2026/09/03 19:06:54 INFO  : 2020/12/elephantonly-6.png: Copied (new)
2026/09/03 19:06:54 INFO  : 2020/12/elephantonly.png: Copied (new)
2026/09/03 19:06:54 INFO  : 2020/12/elephantonly-4.png: Copied (new)
2026/09/03 19:06:55 INFO  : 2020/12/favicon-3.png: Copied (new)
2026/09/03 19:06:55 INFO  : 2020/12/elephantonly-5.png: Copied (new)
2026/09/03 19:06:55 INFO  : 2020/12/favicon-1.png: Copied (new)
2026/09/03 19:06:55 INFO  : 2020/12/elephantonly-6-300x145.png: Copied (new)
2026/09/03 19:06:55 INFO  : 2020/12/elephantonly-5-150x150.png: Copied (new)
2026/09/03 19:06:55 INFO  : 2020/12/grafitiremoval-1-1024x445.jpg: Copied (new)
2026/09/03 19:06:55 INFO  : 2020/12/grafitiremoval-1-1200x521.jpg: Copied (new)
2026/09/03 19:06:55 INFO  : 2020/12/favicon.png: Copied (new)
2026/09/03 19:06:55 INFO  : 2020/12/grafitiremoval-1-1536x667.jpg: Copied (new)
2026/09/03 19:06:55 INFO  : 2020/12/favicon-4.png: Copied (new)
2026/09/03 19:06:55 INFO  : 2020/12/grafitiremoval-1-2048x890.jpg: Copied (new)
2026/09/03 19:06:55 INFO  : 2020/12/grafitiremoval-1-150x150.jpg: Copied (new)
2026/09/03 19:06:55 INFO  : 2020/12/grafitiremoval-1-300x130.jpg: Copied (new)
2026/09/03 19:06:55 INFO  : 2020/12/favicon-6.png: Copied (new)
2026/09/03 19:06:55 INFO  : 2020/12/grafitiremoval-1024x445.jpg: Copied (new)
2026/09/03 19:06:55 INFO  : 2020/12/grafitiremoval-150x150.jpg: Copied (new)
2026/09/03 19:06:55 INFO  : 2020/12/favicon-5.png: Copied (new)
2026/09/03 19:06:55 INFO  : 2020/12/grafitiremoval-1-scaled.jpg: Copied (new)
2026/09/03 19:06:55 INFO  : 2020/12/grafitiremoval-1200x521.jpg: Copied (new)
2026/09/03 19:06:55 INFO  : 2020/12/grafitiremoval-2048x890.jpg: Copied (new)
2026/09/03 19:06:55 INFO  : 2020/12/grafitiremoval-300x130.jpg: Copied (new)
2026/09/03 19:06:55 INFO  : 2020/12/grafitiremoval-1536x667.jpg: Copied (new)
2026/09/03 19:06:55 INFO  : 2020/12/grafitiremoval-768x334.jpg: Copied (new)
2026/09/03 19:06:55 INFO  : 2020/12/heavyequipmentcleaning-1200x521.jpg: Copied (new)
2026/09/03 19:06:55 INFO  : 2020/12/heavyequipmentcleaning-1536x667.jpg: Copied (new)
2026/09/03 19:06:55 INFO  : 2020/12/heavyequipmentcleaning-2048x890.jpg: Copied (new)
2026/09/03 19:06:55 INFO  : 2020/12/grafitiremoval-1-768x334.jpg: Copied (new)
2026/09/03 19:06:55 INFO  : 2020/12/grafitiremoval-scaled.jpg: Copied (new)
2026/09/03 19:06:55 INFO  : 2020/12/favicon-2.png: Copied (new)
2026/09/03 19:06:55 INFO  : 2020/12/image-1-1018x1536.jpg: Copied (new)
2026/09/03 19:06:55 INFO  : 2020/12/heavyequipmentcleaning-scaled.jpg: Copied (new)
2026/09/03 19:06:55 INFO  : 2020/12/heavyequipmentcleaning-1024x445.jpg: Copied (new)
2026/09/03 19:06:55 INFO  : 2020/12/image-1-199x300.jpg: Copied (new)
2026/09/03 19:06:55 INFO  : 2020/12/image-1.jpg: Copied (new)
2026/09/03 19:06:55 INFO  : 2020/12/image-1-768x1159.jpg: Copied (new)
2026/09/03 19:06:55 INFO  : 2020/12/image-2-1200x1013.jpg: Copied (new)
2026/09/03 19:06:55 INFO  : 2020/12/image-2-1024x865.jpg: Copied (new)
2026/09/03 19:06:55 INFO  : 2020/12/image-2-150x150.jpg: Copied (new)
2026/09/03 19:06:55 INFO  : 2020/12/heavyequipmentcleaning-150x150.jpg: Copied (new)
2026/09/03 19:06:55 INFO  : 2020/12/image-2-1536x1297.jpg: Copied (new)
2026/09/03 19:06:56 INFO  : 2020/12/image-2.jpg: Copied (new)
2026/09/03 19:06:56 INFO  : 2020/12/image-2-768x649.jpg: Copied (new)
2026/09/03 19:06:56 INFO  : 2020/12/heavyequipmentcleaning-768x334.jpg: Copied (new)
2026/09/03 19:06:56 INFO  : 2020/12/image-1-679x1024.jpg: Copied (new)
2026/09/03 19:06:56 INFO  : 2020/12/image-3-1200x1013.jpg: Copied (new)
2026/09/03 19:06:56 INFO  : 2020/12/heavyequipmentcleaning-300x130.jpg: Copied (new)
2026/09/03 19:06:56 INFO  : 2020/12/image-3-1536x1297.jpg: Copied (new)
2026/09/03 19:06:56 INFO  : 2020/12/image-2-300x253.jpg: Copied (new)
2026/09/03 19:06:56 INFO  : 2020/12/image-3-150x150.jpg: Copied (new)
2026/09/03 19:06:56 INFO  : 2020/12/image-1-150x150.jpg: Copied (new)
2026/09/03 19:06:56 INFO  : 2020/12/image-3-1024x865.jpg: Copied (new)
2026/09/03 19:06:56 INFO  : 2020/12/image-3.jpg: Copied (new)
2026/09/03 19:06:56 INFO  : 2020/12/image-4-1200x1013.jpg: Copied (new)
2026/09/03 19:06:56 INFO  : 2020/12/image-3-300x253.jpg: Copied (new)
2026/09/03 19:06:56 INFO  : 2020/12/image-4-1024x865.jpg: Copied (new)
2026/09/03 19:06:56 INFO  : 2020/12/image-4-300x253.jpg: Copied (new)
2026/09/03 19:06:56 INFO  : 2020/12/image-4.jpg: Copied (new)
2026/09/03 19:06:56 INFO  : 2020/12/image-5-1200x1200.jpg: Copied (new)
2026/09/03 19:06:56 INFO  : 2020/12/image-5-1536x1536.jpg: Copied (new)
2026/09/03 19:06:56 INFO  : 2020/12/image-4-1536x1297.jpg: Copied (new)
2026/09/03 19:06:56 INFO  : 2020/12/image-5-150x150.jpg: Copied (new)
2026/09/03 19:06:56 INFO  : 2020/12/image-5-1024x1024.jpg: Copied (new)
2026/09/03 19:06:56 INFO  : 2020/12/image-3-768x649.jpg: Copied (new)
2026/09/03 19:06:56 INFO  : 2020/12/image-6-1024x865.jpg: Copied (new)
2026/09/03 19:06:56 INFO  : 2020/12/image-5.jpg: Copied (new)
2026/09/03 19:06:56 INFO  : 2020/12/image-4-150x150.jpg: Copied (new)
2026/09/03 19:06:56 INFO  : 2020/12/image-6-1200x1013.jpg: Copied (new)
2026/09/03 19:06:56 INFO  : 2020/12/image-5-768x768.jpg: Copied (new)
2026/09/03 19:06:56 INFO  : 2020/12/image-6-1536x1297.jpg: Copied (new)
2026/09/03 19:06:56 INFO  : 2020/12/image-5-300x300.jpg: Copied (new)
2026/09/03 19:06:56 INFO  : 2020/12/image-7-1200x1200.jpg: Copied (new)
2026/09/03 19:06:56 INFO  : 2020/12/image-7-150x150.jpg: Copied (new)
2026/09/03 19:06:56 INFO  : 2020/12/image-6.jpg: Copied (new)
2026/09/03 19:06:56 INFO  : 2020/12/image-7-1536x1536.jpg: Copied (new)
2026/09/03 19:06:56 INFO  : 2020/12/image-7.jpg: Copied (new)
2026/09/03 19:06:56 INFO  : 2020/12/image-4-768x649.jpg: Copied (new)
2026/09/03 19:06:56 INFO  : 2020/12/image-6-768x649.jpg: Copied (new)
2026/09/03 19:06:57 INFO  : 2020/12/image-8-1200x1200.jpg: Copied (new)
2026/09/03 19:06:57 INFO  : 2020/12/image-6-150x150.jpg: Copied (new)
2026/09/03 19:06:57 INFO  : 2020/12/image-7-1024x1024.jpg: Copied (new)
2026/09/03 19:06:57 INFO  : 2020/12/image-8-1024x1024.jpg: Copied (new)
2026/09/03 19:06:57 INFO  : 2020/12/image-7-768x768.jpg: Copied (new)
2026/09/03 19:06:57 INFO  : 2020/12/image-7-300x300.jpg: Copied (new)
2026/09/03 19:06:57 INFO  : 2020/12/image-8-1536x1536.jpg: Copied (new)
2026/09/03 19:06:57 INFO  : 2020/12/image-8.jpg: Copied (new)
2026/09/03 19:06:57 INFO  : 2020/12/image-9-1024x1024.jpg: Copied (new)
2026/09/03 19:06:57 INFO  : 2020/12/image-8-768x768.jpg: Copied (new)
2026/09/03 19:06:57 INFO  : 2020/12/image-9-1200x1200.jpg: Copied (new)
2026/09/03 19:06:57 INFO  : 2020/12/image-9-1536x1536.jpg: Copied (new)
2026/09/03 19:06:57 INFO  : 2020/12/image-6-300x253.jpg: Copied (new)
2026/09/03 19:06:57 INFO  : 2020/12/image-9.jpg: Copied (new)
2026/09/03 19:06:57 INFO  : 2020/12/image-9-768x768.jpg: Copied (new)
2026/09/03 19:06:57 INFO  : 2020/12/logoclear-1-1024x237.png: Copied (new)
2026/09/03 19:06:57 INFO  : 2020/12/logoclear-1-300x69.png: Copied (new)
2026/09/03 19:06:57 INFO  : 2020/12/image-8-150x150.jpg: Copied (new)
2026/09/03 19:06:57 INFO  : 2020/12/image-8-300x300.jpg: Copied (new)
2026/09/03 19:06:57 INFO  : 2020/12/logoclear-1.png: Copied (new)
2026/09/03 19:06:57 INFO  : 2020/12/logoclear-1-768x178.png: Copied (new)
2026/09/03 19:06:57 INFO  : 2020/12/image-9-300x300.jpg: Copied (new)
2026/09/03 19:06:57 INFO  : 2020/12/logoclear-768x178.png: Copied (new)
2026/09/03 19:06:57 INFO  : 2020/12/image-9-150x150.jpg: Copied (new)
2026/09/03 19:06:57 INFO  : 2020/12/logoclear.png: Copied (new)
2026/09/03 19:06:57 INFO  : 2020/12/logoclear-300x69.png: Copied (new)
2026/09/03 19:06:57 INFO  : 2020/12/logoclear-150x150.png: Copied (new)
2026/09/03 19:06:57 INFO  : 2020/12/logonew-768x178.jpg: Copied (new)
2026/09/03 19:06:57 INFO  : 2020/12/logonew-300x69.jpg: Copied (new)
2026/09/03 19:06:57 INFO  : 2020/12/logonewset-1024x237.jpg: Copied (new)
2026/09/03 19:06:57 INFO  : 2020/12/logonewset-150x150.jpg: Copied (new)
2026/09/03 19:06:57 INFO  : 2020/12/logonewset-300x69.jpg: Copied (new)
2026/09/03 19:06:57 INFO  : 2020/12/logoclear-1024x237.png: Copied (new)
2026/09/03 19:06:57 INFO  : 2020/12/logonew-1024x237.jpg: Copied (new)
2026/09/03 19:06:57 INFO  : 2020/12/logonew.jpg: Copied (new)
2026/09/03 19:06:57 INFO  : 2020/12/logonew-150x150.jpg: Copied (new)
2026/09/03 19:06:57 INFO  : 2020/12/machines1-300x300.jpg: Copied (new)
2026/09/03 19:06:58 INFO  : 2020/12/logonewset-768x178.jpg: Copied (new)
2026/09/03 19:06:58 INFO  : 2020/12/mobilefleetwashing-1-1200x521.jpg: Copied (new)
2026/09/03 19:06:58 INFO  : 2020/12/logoclear-1-150x150.png: Copied (new)
2026/09/03 19:06:58 INFO  : 2020/12/mobilefleetwashing-1-1024x445.jpg: Copied (new)
2026/09/03 19:06:58 INFO  : 2020/12/machines1.jpg: Copied (new)
2026/09/03 19:06:58 INFO  : 2020/12/mobilefleetwashing-1-2048x890.jpg: Copied (new)
2026/09/03 19:06:58 INFO  : 2020/12/mobilefleetwashing-1-150x150.jpg: Copied (new)
2026/09/03 19:06:58 INFO  : 2020/12/mobilefleetwashing-1-1536x667.jpg: Copied (new)
2026/09/03 19:06:58 INFO  : 2020/12/mobilefleetwashing-1-scaled.jpg: Copied (new)
2026/09/03 19:06:58 INFO  : 2020/12/mobilefleetwashing-1200x521.jpg: Copied (new)
2026/09/03 19:06:58 INFO  : 2020/12/mobilefleetwashing-1536x667.jpg: Copied (new)
2026/09/03 19:06:58 INFO  : 2020/12/mobilefleetwashing-1024x445.jpg: Copied (new)
2026/09/03 19:06:58 INFO  : 2020/12/mobilefleetwashing-2048x890.jpg: Copied (new)
2026/09/03 19:06:58 INFO  : 2020/12/mobilefleetwashing-scaled.jpg: Copied (new)
2026/09/03 19:06:58 INFO  : 2020/12/mobilefleetwashing-768x334.jpg: Copied (new)
2026/09/03 19:06:58 INFO  : 2020/12/parking-300x219-1.jpg: Copied (new)
2026/09/03 19:06:58 INFO  : 2020/12/mobilefleetwashing-1-768x334.jpg: Copied (new)
2026/09/03 19:06:58 INFO  : 2020/12/mobilefleetwashing-300x130.jpg: Copied (new)
2026/09/03 19:06:58 INFO  : 2020/12/logonewset.jpg: Copied (new)
2026/09/03 19:06:58 INFO  : 2020/12/parking-300x219-1-150x150.jpg: Copied (new)
2026/09/03 19:06:58 INFO  : 2020/12/mobilefleetwashing-150x150.jpg: Copied (new)
2026/09/03 19:06:58 INFO  : 2020/12/machines1-150x150.jpg: Copied (new)
2026/09/03 19:06:58 INFO  : 2020/12/pexels-binyamin-mellish-1396122-scaled.jpg: Copied (new)
2026/09/03 19:06:58 INFO  : 2020/12/rexdaletrucks-1200x454.jpg: Copied (new)
2026/09/03 19:06:58 INFO  : 2020/12/pizza-pizza-1-300x127.png: Copied (new)
2026/09/03 19:06:58 INFO  : 2020/12/pizza-pizza-1-150x148.png: Copied (new)
2026/09/03 19:06:58 INFO  : 2020/12/pexels-binyamin-mellish-1396122-300x200.jpg: Copied (new)
2026/09/03 19:06:58 INFO  : 2020/12/pizza-pizza-1.png: Copied (new)
2026/09/03 19:06:58 INFO  : 2020/12/rexdaletrucks-1536x581.jpg: Copied (new)
2026/09/03 19:06:58 INFO  : 2020/12/rexdaletrucks-2048x775.jpg: Copied (new)
2026/09/03 19:06:59 INFO  : 2020/12/rexdaletrucks-150x150.jpg: Copied (new)
2026/09/03 19:06:59 INFO  : 2020/12/rexdaletrucks-scaled.jpg: Copied (new)
2026/09/03 19:06:59 INFO  : 2020/12/rexdaletrucks-1024x387.jpg: Copied (new)
2026/09/03 19:06:59 INFO  : 2020/12/slidehomepage-1-1536x667.jpg: Copied (new)
2026/09/03 19:06:59 INFO  : 2020/12/rexdaletrucks-300x113.jpg: Copied (new)
2026/09/03 19:06:59 INFO  : 2020/12/slidehomepage-1-2048x890.jpg: Copied (new)
2026/09/03 19:06:59 INFO  : 2020/12/slidehomepage-1-1200x521.jpg: Copied (new)
2026/09/03 19:06:59 INFO  : 2020/12/rexdaletrucks-768x291.jpg: Copied (new)
2026/09/03 19:06:59 INFO  : 2020/12/slidehomepage-1-300x130.jpg: Copied (new)
2026/09/03 19:06:59 INFO  : 2020/12/slidehomepage-1-1024x445.jpg: Copied (new)
2026/09/03 19:06:59 INFO  : 2020/12/slidehomepage-1-scaled.jpg: Copied (new)
2026/09/03 19:06:59 INFO  : 2020/12/slidehomepage-150x150.jpg: Copied (new)
2026/09/03 19:06:59 INFO  : 2020/12/mobilefleetwashing-1-300x130.jpg: Copied (new)
2026/09/03 19:06:59 INFO  : 2020/12/slidehomepage-1-150x150.jpg: Copied (new)
2026/09/03 19:06:59 INFO  : 2020/12/slidehomepage-1536x667.jpg: Copied (new)
2026/09/03 19:06:59 INFO  : 2020/12/slidehomepage-2048x890.jpg: Copied (new)
2026/09/03 19:06:59 INFO  : 2020/12/slidehomepage-1200x521.jpg: Copied (new)
2026/09/03 19:06:59 INFO  : 2020/12/slidehomepage-300x130.jpg: Copied (new)
2026/09/03 19:06:59 INFO  : 2020/12/slidehomepage-1024x445.jpg: Copied (new)
2026/09/03 19:06:59 INFO  : 2020/12/slidehomepage-scaled.jpg: Copied (new)
2026/09/03 19:06:59 INFO  : 2020/12/slidehomepage1-1536x667.jpg: Copied (new)
2026/09/03 19:06:59 INFO  : 2020/12/slidehomepage1-150x150.jpg: Copied (new)
2026/09/03 19:06:59 INFO  : 2020/12/slidehomepage1-2048x890.jpg: Copied (new)
2026/09/03 19:06:59 INFO  : 2020/12/slidehomepage-1-768x334.jpg: Copied (new)
2026/09/03 19:06:59 INFO  : 2020/12/slidehomepage1-scaled.jpg: Copied (new)
2026/09/03 19:06:59 INFO  : 2020/12/slidehomepage1-1200x521.jpg: Copied (new)
2026/09/03 19:06:59 INFO  : 2020/12/slpash1-1024x546.png: Copied (new)
2026/09/03 19:06:59 INFO  : 2020/12/slpash1-1200x640.png: Copied (new)
2026/09/03 19:06:59 INFO  : 2020/12/slpash1-1536x819.png: Copied (new)
2026/09/03 19:06:59 INFO  : 2020/12/slpash1-300x160.png: Copied (new)
2026/09/03 19:06:59 INFO  : 2020/12/slpash1-150x150.png: Copied (new)
2026/09/03 19:06:59 INFO  : 2020/12/slpash1-768x410.png: Copied (new)
2026/09/03 19:06:59 INFO  : 2020/12/slidehomepage1-300x130.jpg: Copied (new)
2026/09/03 19:06:59 INFO  : 2020/12/sofina-logo-200-min-150x102.png: Copied (new)
2026/09/03 19:06:59 INFO  : 2020/12/splash2-1024x546.png: Copied (new)
2026/09/03 19:06:59 INFO  : 2020/12/slidehomepage-768x334.jpg: Copied (new)
2026/09/03 19:06:59 INFO  : 2020/12/splash2-1200x640.png: Copied (new)
2026/09/03 19:06:59 INFO  : 2020/12/sofina-logo-200-min.png: Copied (new)
2026/09/03 19:06:59 INFO  : 2020/12/splash2-768x410.png: Copied (new)
2026/09/03 19:07:00 INFO  : 2020/12/splash2-1536x819.png: Copied (new)
2026/09/03 19:07:00 INFO  : 2020/12/splash2-150x150.png: Copied (new)
2026/09/03 19:07:00 INFO  : 2020/12/splash2.png: Copied (new)
2026/09/03 19:07:00 INFO  : 2020/12/slidehomepage1-768x334.jpg: Copied (new)
2026/09/03 19:07:00 INFO  : 2020/12/storefronts-1-1536x667.jpg: Copied (new)
2026/09/03 19:07:00 INFO  : 2020/12/storefronts-1-300x130.jpg: Copied (new)
2026/09/03 19:07:00 INFO  : 2020/12/slpash1.png: Copied (new)
2026/09/03 19:07:00 INFO  :   159.550 MiB / 162.634 MiB, 98%, 10.835 MiB/s, ETA 0s (xfr#497/537)
2026/09/03 19:07:00 INFO  : 2020/12/slidehomepage1-1024x445.jpg: Copied (new)
2026/09/03 19:07:00 INFO  : 2020/12/storefronts-1-768x334.jpg: Copied (new)
2026/09/03 19:07:00 INFO  : 2020/12/storefronts-1-scaled.jpg: Copied (new)
2026/09/03 19:07:00 INFO  : 2020/12/storefronts-1-150x150.jpg: Copied (new)
2026/09/03 19:07:00 INFO  : 2020/12/storefronts-1-2048x890.jpg: Copied (new)
2026/09/03 19:07:00 INFO  : 2020/12/storefronts-1-1200x521.jpg: Copied (new)
2026/09/03 19:07:00 INFO  : 2020/12/storefronts-1536x667.jpg: Copied (new)
2026/09/03 19:07:00 INFO  : 2020/12/storefronts-1200x521.jpg: Copied (new)
2026/09/03 19:07:00 INFO  : 2020/12/storefronts-1-1024x445.jpg: Copied (new)
2026/09/03 19:07:00 INFO  : 2020/12/storefronts-2048x890.jpg: Copied (new)
2026/09/03 19:07:00 INFO  : 2020/12/storefronts-scaled.jpg: Copied (new)
2026/09/03 19:07:00 INFO  : 2020/12/splash2-300x160.png: Copied (new)
2026/09/03 19:07:00 INFO  : 2020/12/storefronts-150x150.jpg: Copied (new)
2026/09/03 19:07:00 INFO  : 2020/12/toronto-3773752_1280-1024x512.png: Copied (new)
2026/09/03 19:07:00 INFO  : 2020/12/toronto-3773752_1280-150x150.png: Copied (new)
2026/09/03 19:07:00 INFO  : 2020/12/storefronts-300x130.jpg: Copied (new)
2026/09/03 19:07:00 INFO  : 2020/12/toronto-3773752_1280-1200x600.png: Copied (new)
2026/09/03 19:07:00 INFO  : 2020/12/storefronts-768x334.jpg: Copied (new)
2026/09/03 19:07:00 INFO  : 2020/12/toronto-3773752_1280.png: Copied (new)
2026/09/03 19:07:00 INFO  : 2020/12/ups-logo-768x597.jpg: Copied (new)
2026/09/03 19:07:00 INFO  : 2020/12/ups-logo-150x150.jpg: Copied (new)
2026/09/03 19:07:00 INFO  : 2020/12/toronto-3773752_1280-300x150.png: Copied (new)
2026/09/03 19:07:00 INFO  : 2020/12/water-1200x201.png: Copied (new)
2026/09/03 19:07:00 INFO  : 2020/12/water-2048x343.png: Copied (new)
2026/09/03 19:07:00 INFO  : 2020/12/ups-logo-300x233.jpg: Copied (new)
2026/09/03 19:07:00 INFO  : 2020/12/toronto-3773752_1280-768x384.png: Copied (new)
2026/09/03 19:07:01 INFO  : 2020/12/storefronts-1024x445.jpg: Copied (new)
2026/09/03 19:07:01 INFO  : 2020/12/water-300x50.png: Copied (new)
2026/09/03 19:07:01 INFO  : 2020/12/water-1536x257.png: Copied (new)
2026/09/03 19:07:01 INFO  : 2020/12/water.png: Copied (new)
2026/09/03 19:07:01 INFO  : 2020/12/ups-logo.jpg: Copied (new)
2026/09/03 19:07:01 INFO  : 2020/12/water-1024x172.png: Copied (new)
2026/09/03 19:07:01 INFO  : 2020/12/whoweservice-300x120.jpg: Copied (new)
2026/09/03 19:07:01 INFO  : 2020/12/whoweservice-1200x480.jpg: Copied (new)
2026/09/03 19:07:01 INFO  : 2020/12/whoweservice.jpg: Copied (new)
2026/09/03 19:07:01 INFO  : 2020/12/water-150x150.png: Copied (new)
2026/09/03 19:07:01 INFO  : 2020/12/whoweservice-768x307.jpg: Copied (new)
2026/09/03 19:07:01 INFO  : 2020/12/water-768x129.png: Copied (new)
2026/09/03 19:07:01 INFO  : 2020/12/whoweservice-1024x410.jpg: Copied (new)
2026/09/03 19:07:01 INFO  : 2020/12/whoweservice-150x150.jpg: Copied (new)
2026/09/03 19:07:01 INFO  :   162.634 MiB / 162.634 MiB, 100%, 10.162 MiB/s, ETA 0s
